C51 COMPILER V9.57.0.0   MAIN                                                              03/27/2019 21:15:42 PAGE 1   


C51 COMPILER V9.57.0.0, COMPILATION OF MODULE MAIN
OBJECT MODULE PLACED IN .\Objects\main.obj
COMPILER INVOKED BY: C:\Keil_v5\C51\BIN\C51.EXE main.c OPTIMIZE(8,SPEED) BROWSE DEBUG OBJECTEXTEND PRINT(.\Listings\main
                    -.lst) TABS(2) OBJECT(.\Objects\main.obj)

line level    source

   1          #if 0
              
              #include <REG52.H>
              
              typedef unsigned char uchar;
              typedef unsigned int uint;
              
              //unsigned char PWM_COUNT; //计数
              //unsigned int HUXI_COUNT;    //占空比更新时间
              //unsigned char PWM_VLAUE;    //占空比比对值
              //bit direc_flag;             //占空比更新方向
              
              #define LED    P2
              uchar dat = 0xfe;
              void timer0_init() {
                  TMOD=0x02;          //模式设置，00010000，定时器0，工作于模式2（M1=1，M0=0）
                  TH0=256-100;               //定时器溢出值设置，每隔200us发起一次中断。
                  TL0=256-100;
                  TR0=1;                  //定时器0开始计时
                  ET0=1;                  //开定时器0中断
                  EA=1;                       //开总中断
              //    PWM_COUNT =0;
              }
              
              void main() {
              //    HUXI_COUNT = 0;
              //    PWM_COUNT = 0;
              //    PWM_VLAUE = 0;
              //    direc_flag = 0;
              
                  LED = 1;            //默认LED熄灭
                  timer0_init();      //定时器0初始化
                  while(1) {
                      if(dat==0xff) dat=0xfe;
                  }
              }
              void time0() interrupt 1 {
                  static uchar PWM_COUNT=0; //计数
                  static uint HUXI_COUNT=0;    //占空比更新时间
                  static uchar PWM_VLAUE=0;    //占空比比对值
                  static bit flag=0;
                  PWM_COUNT++;//中断次数，每中断一次+1,　　10 归零
                  HUXI_COUNT++;
                  ///　          PWM_VLAUE ~ 10　为 占空比
                  if(PWM_COUNT == PWM_VLAUE)      //判断是否到了点亮LED的时候
                    if(dat==0xff) dat=0xfe;
                      LED = dat;                    //点亮LED
                  if(PWM_COUNT == 10) {           //当前周期结束
                      LED = ~dat;                    //熄灭LED
                      PWM_COUNT = 0;              //重新计时
                  }
                  if((HUXI_COUNT >= 700) && (flag == 0)) {
                      //占空比增加10%
                      HUXI_COUNT = 0;
C51 COMPILER V9.57.0.0   MAIN                                                              03/27/2019 21:15:42 PAGE 2   

                      PWM_VLAUE++;
                      dat = dat<<1 | 0x01;
                      if(PWM_VLAUE >= 9)          //占空比更改方向
                          flag = 1;
                  }
                  if((HUXI_COUNT >= 700) && (flag == 1)) {
                      //占空比减少10%
                      HUXI_COUNT = 0;
                      PWM_VLAUE--;
                      dat = dat<<1 | 0x01;
                      if(PWM_VLAUE <= 1)          //占空比更改方向
              
                          flag = 0;
                  }
              }
              
              
              #else
  73          #include <reg52.h>
  74          #define uchar unsigned char
  75          #define uint unsigned int
  76          #define LED P2 /*硬件为 P1 口输出，大家相应改一下 */
  77          uchar i=0;
  78          uchar Position=0x01; /**/
  79          void Delay(uchar n)
  80          {
  81   1          uchar i,j,k;
  82   1          for(i=n; i>0; i--)
  83   1              for(j=100; j>0; j--)
  84   1                  for(k=100; k>0; k--);
  85   1      }
  86          void T0_INT(void)interrupt 1
  87          {
  88   1          uchar dis_tmp;
  89   1          dis_tmp=Position;
  90   1          TH0=65432/256;/* 定时器 T0 的中断时间就是固定脉宽，大家仔细看一下就会明白了 */
  91   1          TL0=65432%256;
  92   1          if(i<100)i++;
  93   1          else i=0;
  94   1          LED=~dis_tmp;/* 我的硬件设计是低电平点亮 LED ，就是灌电流 ~*/
  95   1          if(i%10==0) /*调整周期，旁边第一盏灯的周期为脉宽的 10 倍*/
  96   1          {
  97   2              dis_tmp|=dis_tmp<<1|dis_tmp>>1;
  98   2              LED=~dis_tmp;
  99   2          }
 100   1          if(i==0)/* 旁边第二盏灯的周期为脉宽的 100 倍 */
 101   1          {
 102   2              dis_tmp|=dis_tmp<<1|dis_tmp>>1|dis_tmp<<2|dis_tmp>>2;
 103   2              LED=~dis_tmp;
 104   2          }
 105   1      }
 106          void main(void)
 107          {
 108   1          uchar k,g;
 109   1          ET0=1;
 110   1          TMOD=0X01;
 111   1          EA=1;
 112   1          TH0=55532/256;
 113   1          TL0=55532%256;
 114   1          TR0=1;
 115   1          while(1)
 116   1          {
C51 COMPILER V9.57.0.0   MAIN                                                              03/27/2019 21:15:42 PAGE 3   

 117   2              for(g=2; g>0; g--)
 118   2              {
 119   3                  for(k=7; k>0; k--)
 120   3                  {
 121   4                      Position<<=1;
 122   4                      Delay(g);
 123   4                  }
 124   3                  for(k=7; k>0; k--)
 125   3                  {
 126   4                      Position>>=1;
 127   4                      Delay(g);
 128   4                  }
 129   3              }
 130   2              for(g=0; g<2; g++)
 131   2              {
 132   3                  for(k=7; k>0; k--)
 133   3                  {
 134   4                      Position<<=1;
 135   4                      Delay(g);
 136   4                  }
 137   3                  for(k=7; k>0; k--)
 138   3                  {
 139   4                      Position>>=1;
 140   4                      Delay(g);
 141   4                  }
 142   3              }
 143   2          }
 144   1      }
 145          
 146             
 147          #endif
 148          
 149          
 150          
 151          
 152          
 153          
 154          
 155          


MODULE INFORMATION:   STATIC OVERLAYABLE
   CODE SIZE        =    198    ----
   CONSTANT SIZE    =   ----    ----
   XDATA SIZE       =   ----    ----
   PDATA SIZE       =   ----    ----
   DATA SIZE        =      2    ----
   IDATA SIZE       =   ----    ----
   BIT SIZE         =   ----    ----
END OF MODULE INFORMATION.


C51 COMPILATION COMPLETE.  0 WARNING(S),  0 ERROR(S)
