BL51 BANKED LINKER/LOCATER V6.22.2.0                                                    06/16/2021  15:25:02  PAGE 1


BL51 BANKED LINKER/LOCATER V6.22.2.0, INVOKED BY:
D:\PROGRAMFILES\KEIL_V5\C51\BIN\BL51.EXE .\Objects\main.obj TO .\Objects\Project PRINT (.\Listings\Project.m51) RAMSIZE 
>> (256)


MEMORY MODEL: SMALL


INPUT MODULES INCLUDED:
  .\Objects\main.obj (MAIN)
  D:\PROGRAMFILES\KEIL_V5\C51\LIB\C51S.LIB (?C_STARTUP)


LINK MAP OF MODULE:  .\Objects\Project (MAIN)


            TYPE    BASE      LENGTH    RELOCATION   SEGMENT NAME
            -----------------------------------------------------

            * * * * * * *   D A T A   M E M O R Y   * * * * * * *
            REG     0000H     0008H     ABSOLUTE     "REG BANK 0"
            IDATA   0008H     0001H     UNIT         ?STACK

            * * * * * * *   C O D E   M E M O R Y   * * * * * * *
            CODE    0000H     0003H     ABSOLUTE     
                    0003H     07FDH                  *** GAP ***
            CODE    0800H     0020H     UNIT         ?PR?_DELAY?MAIN
            CODE    0820H     000FH     UNIT         ?PR?MAIN?MAIN
            CODE    082FH     000CH     UNIT         ?C_C51STARTUP



OVERLAY MAP OF MODULE:   .\Objects\Project (MAIN)


SEGMENT
  +--> CALLED SEGMENT
---------------------
?C_C51STARTUP
  +--> ?PR?MAIN?MAIN



SYMBOL TABLE OF MODULE:  .\Objects\Project (MAIN)

  VALUE           TYPE          NAME
  ----------------------------------

  -------         MODULE        MAIN
  C:0000H         SYMBOL        _ICE_DUMMY_
  D:0080H         PUBLIC        P0
  D:0090H         PUBLIC        P1
  D:00B0H         PUBLIC        P3
  D:00A8H         PUBLIC        IE
  C:0800H         PUBLIC        _delay
  D:00B8H         PUBLIC        IP
  B:0080H.0       PUBLIC        k1
  C:0820H         PUBLIC        main
BL51 BANKED LINKER/LOCATER V6.22.2.0                                                  06/16/2021  15:25:02  PAGE 2


  D:0098H         PUBLIC        SCON
  D:0088H         PUBLIC        TCON
  B:0090H.0       PUBLIC        dc
  D:00C8H         PUBLIC        T2CON
  D:00D0H         PUBLIC        PSW
  -------         PROC          _DELAY
  D:0006H         SYMBOL        i
  -------         DO            
  D:0004H         SYMBOL        a
  D:0002H         SYMBOL        b
  -------         ENDDO         
  C:0800H         LINE#         13
  C:0800H         LINE#         14
  C:0800H         LINE#         16
  C:080AH         LINE#         17
  C:081FH         LINE#         18
  -------         ENDPROC       _DELAY
  -------         PROC          MAIN
  C:0820H         LINE#         19
  C:0820H         LINE#         20
  C:0820H         LINE#         21
  C:0823H         LINE#         22
  C:0823H         LINE#         24
  C:0826H         LINE#         25
  C:0826H         LINE#         26
  C:0828H         LINE#         27
  C:0828H         LINE#         28
  C:082BH         LINE#         29
  C:082BH         LINE#         30
  C:082EH         LINE#         31
  -------         ENDPROC       MAIN
  -------         ENDMOD        MAIN

*** WARNING L16: UNCALLED SEGMENT, IGNORED FOR OVERLAY PROCESS
    SEGMENT: ?PR?_DELAY?MAIN

******************************************************************************
* RESTRICTED VERSION WITH 0800H BYTE CODE SIZE LIMIT; USED: 002FH BYTE ( 2%) *
******************************************************************************

Program Size: data=9.0 xdata=0 code=62
LINK/LOCATE RUN COMPLETE.  1 WARNING(S),  0 ERROR(S)
