C51 COMPILER V9.01   MAIN                                                                  01/22/2019 20:27:30 PAGE 1   


C51 COMPILER V9.01, COMPILATION OF MODULE MAIN
OBJECT MODULE PLACED IN main.OBJ
COMPILER INVOKED BY: F:\00000000\000exe\keil\C51\BIN\C51.EXE main.c COMPACT BROWSE DEBUG OBJECTEXTEND

line level    source

   1          /***********************************************************************                           ||||||||||||||||||||||
   2          ≥ı ºΩÁ√Ê->∞¥œ¬k4Ω¯»Î…Ë÷√-> ±º‰‘›Õ£->k3µ˜’˚ µ ± ±º‰->≤ªœ‘ æπ‚±Í∫Û ±º‰∆Ù∂Ø                           |ƒ÷÷”£∫«‡ª®¥…£®ø…∏ƒ£©|
   3                                                                                                                                                                                     |ƒ÷÷” ±º‰∂œµÁ◊‘∂Ø¥Ê¥¢|
   4          ≥ı ºΩÁ√Ê->∞¥œ¬k2Ω¯»Îƒ÷÷”ΩÁ√Ê->k4…Ë÷√œÏ¡Âπ‚±Í->k3µ˜’˚ ±º‰->k2∑µªÿ≥ı ºΩÁ√Ê                           ||||||||||||||||||||||
   5                                     
   6          ≥ı ºΩÁ√Ê->∞¥œ¬k1-> µ ± ±º‰≈‘œ‘ æ–°ƒ÷÷”Õº±Í->ƒ÷÷”“—∆Ù∂Ø->‘Ÿ¥Œ∞¥k1πÿ±’ƒ÷÷”
   7          
   8          ƒ÷÷” »ÙœÏ  ∞¥k1Õ£÷π œÏ¡Â                           
   9          ***********************************************************************/
  10          #include<reg52.h>
  11          #include<ds1302.h>
  12          #include<ds18b20.h>                                                              //k4Ω¯»Îµ˜’˚…Ë÷√              k3µ˜’˚ ±º‰      
  13          #include<lcd1602.h>                                                              //k2ƒ÷÷””Î ±º‰ΩÁ√Ê«–ªª          k1ƒ÷÷”µƒ∆ÙÕ£
  14          #include<buling.h>
  15          #include<iic.h>
  16          #include<intrins.h>
  17          
  18          sbit k1=P3^1;//ø™
  19          sbit k2=P3^0;//πÿ
  20          sbit k3=P3^2;//∂®
  21          sbit k4=P3^3;//“Â
  22          
  23          sbit beep=P1^5;//∑‰√˘∆˜∂®“Â
  24          
  25          uchar code logo1[]=" MADE  BY ";//logo
  26          uchar code logo2[]="Li yaolong";//logo
  27          uchar alarm[]="00:00";//ƒ÷÷” ±º‰
  28          uchar temper[5];  //Œ¬∂»
  29          uchar time_lcd[]="00:00:00";// µ ± ±º‰            
  30          uchar date_lcd[]="2000-00-00"; // µ ±»’∆⁄
  31          
  32          uchar code readdate_ctrl[]={0x81,0x83,0x85,0x8b,0x87,0x89,0x8d};  //∂¡”√ ˝◊È 
  33          uchar code writedate_ctrl[]={0x80,0x82,0x84,0x8a,0x86,0x88,0x8c}; //–¥”√ ˝◊È 
  34          
  35          uchar code zi[3][8]={{0x10,0x06,0x09,0x08,0x08,0x09,0x06,0x00}, //…„ œ∂»Õº±Í
  36                                          {0x0A,0x1F,0x15,0x17,0x11,0x0E,0x1B,0x00},      //ƒ÷÷”Õº±Í
  37                                          {0x00,0x04,0x0E,0x1F,0x1F,0x1F,0x00,0x00}};     //—°÷–Õº±Í
  38          
  39          uchar code week_lcd[][6]={{"error"},{"Mon."},{"Tues."},{"Wed."},{"Thur."},{"Fri."},{"Sat."},{"Sun."}};  //–
             -«∆⁄œ‘ æ∂˛Œ¨ ˝◊È
  40          
  41          //#define count 50000
  42          //#define thx (65536-count)/256 //∂® ±∆˜ ≥ı÷µ  ‘› ±Œ¥”√
  43          //#define tlx (65536-count)%256
  44          
  45          uchar flag=0,flag1=0,flag2=0,flag3=0,ii=0;                // flag: ±º‰π‚±Íº∞ ±º‰µ˜’˚øÿ÷∆±‰¡ø
  46                                                                                                           //flag1:∆¡ƒª«–ªª±‰¡ø
  47          uint min=0,hour=0;                                                                               //flag2:ƒ÷÷”π‚±Íº∞ ±º‰µ˜’˚±‰¡ø
  48                                                                                                                                          //ii:ƒ÷÷”∆ÙÕ£±‰¡ø
  49          void delay6s()//ø™ª˙logoŒ¨≥÷”√—” ±  6s  
  50          {
  51   1          unsigned char a,b,c;
  52   1          for(c=182;c>0;c--)
  53   1              for(b=164;b>0;b--)
  54   1                  for(a=99;a>0;a--);
C51 COMPILER V9.01   MAIN                                                                  01/22/2019 20:27:30 PAGE 2   

  55   1          _nop_();  //if Keil,require use intrins.h
  56   1      }
  57          void logo()//ø™ª˙logoœ‘ æ 
  58          {
  59   1              uint k1,k2=3;
  60   1              for(k1=0;logo1[k1]!='\0';k1++)
  61   1              {
  62   2                      lcd1602_X_Y(1,k2++,logo1[k1]);
  63   2              } 
  64   1              k2=3;
  65   1              for(k1=0;logo2[k1]!='\0';k1++)
  66   1              {
  67   2                      lcd1602_X_Y(2,k2++,logo2[k1]);
  68   2              }delay6s();
  69   1              lcd1602_write_0(0x01);     //œ‘ æ ÕÍ «Â∆¡
  70   1              delay_lcd(2500);
  71   1      }                                                                      
  72          void read_temper(int dat)//Œ¬∂»◊™ªª∫Ø ˝
  73          {
  74   1              float tp;
  75   1              if(dat<0)
  76   1              {
  77   2                      temper[0]='-';
  78   2                      dat=dat-1;
  79   2                      dat=~dat;        //∏∫÷µ-1»°∑¥±‰’˝÷µ 
  80   2                      tp=dat;
  81   2                      dat=tp*0.0625*10+0.5;   
  82   2              }
  83   1              else
  84   1              {
  85   2                      temper[0]=' ';          
  86   2                      tp=dat;
  87   2                      dat=tp*0.0625*10+0.5;
  88   2              }
  89   1      
  90   1              temper[1]=dat/100%10+'0';
  91   1              temper[2]=dat/10%10+'0';
  92   1              temper[3]='.';
  93   1              temper[4]=dat%10+'0';
  94   1      }
  95          void timer() // ±º‰◊™ªª∫Ø ˝
  96          {
  97   1              read_time();
  98   1      
  99   1              time_lcd[0]=time[3]/16+'0';
 100   1              time_lcd[1]=time[3]%16+'0';
 101   1              time_lcd[3]=time[4]/16+'0';
 102   1              time_lcd[4]=time[4]%16+'0';
 103   1              time_lcd[6]=time[5]/16+'0';
 104   1              time_lcd[7]=time[5]%16+'0';
 105   1      
 106   1              date_lcd[2]=time[0]/16+'0';
 107   1              date_lcd[3]=time[0]%16+'0';
 108   1              date_lcd[5]=time[1]/16+'0';
 109   1              date_lcd[6]=time[1]%16+'0';
 110   1              date_lcd[8]=time[2]/16+'0';
 111   1              date_lcd[9]=time[2]%16+'0';
 112   1      }
 113          
 114          void lcd_display()//LCD1602œ‘ æ∫Ø ˝
 115          { 
 116   1              uint i,j,k=0,g=10;
C51 COMPILER V9.01   MAIN                                                                  01/22/2019 20:27:30 PAGE 3   

 117   1              if(flag1==0)
 118   1              {       
 119   2      //******************************************* 
 120   2                      for(i=0;date_lcd[i]!='\0';i++)
 121   2                      {                                 
 122   3                              lcd1602_X_Y(1,j++,date_lcd[i]);//»’∆⁄œ‘ æ 
 123   3                      }j++;
 124   2      //*******************************************
 125   2                      for(i=0;week_lcd[6][i]!='\0';i++)
 126   2                      {
 127   3                              lcd1602_X_Y(1,j++,week_lcd[time[6]][i]);//–«∆⁄œ‘ æ 
 128   3                      }
 129   2      //*******************************************            
 130   2                      for(i=0;time_lcd[i]!='\0';i++)
 131   2                      {
 132   3                              lcd1602_X_Y(2,k++,time_lcd[i]); // ±º‰œ‘ æ
 133   3                      }
 134   2      //*******************************************           
 135   2                      for(i=0;i<5;i++)
 136   2                      {
 137   3                              lcd1602_X_Y(2,g++,temper[i]);   //Œ¬∂»œ‘ æ
 138   3                      }
 139   2              }
 140   1                      
 141   1      //*******************************************
 142   1              if(flag==0&&flag1==1)                     //µ⁄“ª¥Œ∞¥œ¬k2«Â∆¡ 
 143   1              {
 144   2                      lcd1602_write_0(0x01);
 145   2                      delay_lcd(2500);
 146   2                      lcd1602_write_0(0x01);
 147   2                      flag1=2;
 148   2              }
 149   1      
 150   1              if(flag==0&&flag1==2)  //ƒ÷÷”ΩÁ√Êœ‘ æ
 151   1              {
 152   2                      lcd1602_write_0(0x48);
 153   2                      for(i=0;i<8;i++)
 154   2                      {
 155   3                               lcd1602_write_1(zi[1][i]);
 156   3                      }       
 157   2                      lcd1602_write_0(0x80+5);                 
 158   2                      lcd1602_write_1(0x01);
 159   2                      lcd1602_write_0(0x80+6);
 160   2                      lcd1602_write_1(alarm[0]);
 161   2                      lcd1602_write_0(0x80+7);
 162   2                      lcd1602_write_1(alarm[1]);
 163   2                      lcd1602_write_0(0x80+8);
 164   2                      lcd1602_write_1(alarm[2]);
 165   2                      lcd1602_write_0(0x80+9);
 166   2                      lcd1602_write_1(alarm[3]);
 167   2                      lcd1602_write_0(0x80+10);       
 168   2                      lcd1602_write_1(alarm[4]);
 169   2                      lcd1602_write_0(0x80);
 170   2                      lcd1602_write_1(' ');
 171   2              }
 172   1              if(flag==0&&flag1==3)             //µ⁄∂˛¥Œ ∞¥œ¬k2«Â∆¡
 173   1              {
 174   2                      lcd1602_write_0(0x01);
 175   2                      delay_lcd(2500);
 176   2                      lcd1602_write_0(0x01);
 177   2                      flag1=4;
 178   2              }
C51 COMPILER V9.01   MAIN                                                                  01/22/2019 20:27:30 PAGE 4   

 179   1              if(flag==0&&flag1==4)     //ªÿµΩ  ≥ı º   ±º‰  ΩÁ√Ê
 180   1              {
 181   2                      flag1=0;
 182   2                      lcd_zidingyi(zi,8,1);     
 183   2                      lcd1602_X_Y(2,15,0x00);
 184   2              }
 185   1              alarm[4]=min%10+'0';     //ƒ÷
 186   1              alarm[3]=min/10+'0';     //÷”
 187   1              alarm[1]=hour%10+'0';    // ±
 188   1              alarm[0]=hour/10+'0';    //º‰
 189   1      
 190   1              if(flag3==1&&flag1!=2)     //ø™∆Ùƒ÷÷”    ±º‰≈‘ œ‘ æƒ÷÷”–°Õº±Í 
 191   1              {
 192   2                      lcd1602_write_0(0x48);
 193   2                      for(i=0;i<8;i++)
 194   2                      {
 195   3                               lcd1602_write_1(zi[1][i]);
 196   3                      }
 197   2                      lcd1602_write_0(0xc0+8);
 198   2                      lcd1602_write_1(0x01);
 199   2              }
 200   1              if(flag3==2)                     //πÿ±’ƒ÷÷”    ±º‰≈‘ ≤ªœ‘ æƒ÷÷”–°Õº±Í
 201   1              {
 202   2                      lcd1602_write_0(0xc0+8);
 203   2                      lcd1602_write_1(' ');
 204   2              }
 205   1              if(flag3==3)      //—≠ª∑∑µªÿ
 206   1              {
 207   2                      flag3=1;
 208   2              }
 209   1      }
 210          
 211          void int0_init()//Õ‚≤ø÷–∂œ0∫Õ1 ≥ı ºªØ
 212          {
 213   1              EA=1;EX0=1;IT0=1;
 214   1              EX1=1;IT1=1;
 215   1      }
 216          
 217          void ctrltime()//π‚±Íøÿ÷∆∫Ø ˝
 218          {
 219   1              uchar temp;
 220   1              uint i;
 221   1              if(flag1==0)
 222   1              {
 223   2                      if(flag==1)
 224   2                      {
 225   3                              lcd1602_write_0(0xc0+7);
 226   3                              lcd1602_write_0(0x0f);                  //π‚±ÍµΩ√ÎŒª÷√
 227   3              
 228   3                              ds1302_write(0x8e,0x00);                 // ±
 229   3                              temp=ds1302_read(0x81);                  //º‰
 230   3                              ds1302_write(0x80,temp|0x80);    //‘›
 231   3                              ds1302_write(0x8e,0x80);                 //Õ£
 232   3                      }
 233   2                      if(flag==2)
 234   2                      {
 235   3                              lcd1602_write_0(0xc0+4);
 236   3                              lcd1602_write_0(0x0f);            //π‚±ÍµΩ∑÷Œª÷√
 237   3                      }
 238   2                      if(flag==3)
 239   2                      {
 240   3                              lcd1602_write_0(0xc0+1);
C51 COMPILER V9.01   MAIN                                                                  01/22/2019 20:27:30 PAGE 5   

 241   3                              lcd1602_write_0(0x0f);             //π‚±ÍµΩ ±Œª÷√
 242   3                      }
 243   2                      if(flag==4)
 244   2                      {
 245   3                              lcd1602_write_0(0x80+11);
 246   3                              lcd1602_write_0(0x0f);                  //π‚±ÍµΩ–«∆⁄Œª÷√
 247   3                      }
 248   2                      if(flag==5)
 249   2                      {
 250   3                              lcd1602_write_0(0x80+9);
 251   3                              lcd1602_write_0(0x0f);                  //π‚±ÍµΩ»’Œª÷√
 252   3                      }
 253   2                      if(flag==6)
 254   2                      {
 255   3                              lcd1602_write_0(0x80+6);
 256   3                              lcd1602_write_0(0x0f);                  //π‚±ÍµΩ‘¬Œª÷√
 257   3                      }
 258   2                      if(flag==7)
 259   2                      {
 260   3                              lcd1602_write_0(0x80+3);
 261   3                              lcd1602_write_0(0x0f);                  //π‚±ÍµΩƒÍŒª÷√
 262   3                      }
 263   2                      if(flag>7)
 264   2                      {
 265   3                              ds1302_write(0x8e,0x00);                 // ±
 266   3                              temp=ds1302_read(0x81);                  //º‰
 267   3                              ds1302_write(0x80,temp|0x00);    //∆Ù
 268   3                              ds1302_write(0x8e,0x80);                 //∂Ø
 269   3                              flag=0;
 270   3                              lcd1602_write_0(0x0c);
 271   3                      }
 272   2              }
 273   1              if(flag==0&&flag1==2&&flag2!=0)
 274   1              {
 275   2                      switch(flag2)
 276   2                      {
 277   3                              case 1:                   //π‚±Í  ∂®∏Ò  ‘⁄  ƒ÷÷”…Ë÷√   ∑÷÷”  Œª
 278   3                                      lcd1602_write_0(0x50);
 279   3                                      for(i=0;i<8;i++)
 280   3                                      {
 281   4                                               lcd1602_write_1(zi[2][i]);
 282   4                                      }
 283   3                                      lcd1602_write_0(0xc0+6);                 
 284   3                                      lcd1602_write_1(' ');
 285   3                                      lcd1602_write_0(0xc0+7);                 
 286   3                                      lcd1602_write_1(' ');   
 287   3                                      lcd1602_write_0(0xc0+9);                 
 288   3                                      lcd1602_write_1(0x02);
 289   3                                      lcd1602_write_0(0xc0+10);                
 290   3                                      lcd1602_write_1(0x02);   break;
 291   3                              case 2:                    //π‚±Í  ∂®∏Ò  ‘⁄  ƒ÷÷”…Ë÷√   –° ±  Œª
 292   3                                      lcd1602_write_0(0xc0+9);                 
 293   3                                      lcd1602_write_1(' ');
 294   3                                      lcd1602_write_0(0xc0+10);                
 295   3                                      lcd1602_write_1(' ');   
 296   3                                      lcd1602_write_0(0xc0+6);                 
 297   3                                      lcd1602_write_1(0x02);
 298   3                                      lcd1602_write_0(0xc0+7);                 
 299   3                                      lcd1602_write_1(0x02);   break;
 300   3                              case 3:                         //π‚±Í  —≠ª∑  ∑µªÿ
 301   3                                      flag2=1;                 break;
 302   3                      }               
C51 COMPILER V9.01   MAIN                                                                  01/22/2019 20:27:30 PAGE 6   

 303   2              }                        
 304   1      }
 305          void key_2()//k2∏¸ªª  ƒ÷÷” …Ë÷√ΩÁ√Ê
 306          {
 307   1              if(k2==0)
 308   1              {
 309   2                      delay_lcd(2000);
 310   2                      if(k2==0)
 311   2                      {
 312   3                              if(flag==0)               //»Áπ˚√ª”–‘⁄  µ˜’˚ ±º‰  ¥•∑¢  ∆¡ƒª«–ªª±‰¡ø
 313   3                              {
 314   4                                      flag1++;
 315   4                              }
 316   3                      }
 317   2                      while(k2==0);            
 318   2              }       
 319   1      }
 320          void key_1()//k1ƒ÷÷”µƒ∆ÙÕ£
 321          {
 322   1              if(k1==0)
 323   1              {
 324   2                      delay_lcd(2000);
 325   2                      if(k1==0)
 326   2                      {
 327   3                              if(flag==0&&flag1==0)                   //»Áπ˚‘⁄≥ı ºΩÁ√Ê≤¢«“√ª”–‘⁄
 328   3                              {                                                               //ƒ÷÷”…Ë÷√ΩÁ√Ê   ¥•∑¢ƒ÷÷”∆ÙÕ£±‰¡ø
 329   4                                      flag3++;
 330   4                              }
 331   3                              
 332   3                      }
 333   2                      while(k1==0);
 334   2              }
 335   1      }
 336          
 337          
 338          void buling()     //ƒ÷÷”¥•∑¢
 339          {
 340   1              uint t1,t2,temp_min,temp_hour,i;
 341   1              uint i1=0;
 342   1              uchar k1,i2;
 343   1              if(flag3==1&&ii==0&&flag==0)
 344   1              {
 345   2                      t1=ds1302_read(0x83);t2=ds1302_read(0x85);        //∂¡≥ˆ ∑÷÷”∫Õ–° ±
 346   2                      temp_min =((t1&0xf0)>>4)*10+(t1&0x0f);  //BCD¬Î◊™
 347   2                      temp_hour=((t2&0xf0)>>4)*10+(t2&0x0f);                  // ÆΩ¯÷∆¬Î
 348   2                      if(min==temp_min&&ii==0)                //∑÷÷”∂‘±»              
 349   2                      {
 350   3                              if(hour==temp_hour&&ii==0)              //»Áπ˚∑÷÷”œ‡Õ¨   –° ±∂‘±»
 351   3                              {
 352   4                                      if(flag==0&&ii==0)              //÷ª”–‘⁄≥ı ºΩÁ√Ê≤≈ª·œÏ
 353   4                                      {
 354   5                                              lcd1602_write_0(0x01);  
 355   5                                              delay_lcd(2500);
 356   5                                              lcd1602_write_0(0x48);
 357   5                                              for(i=0;i<8;i++)
 358   5                                              {
 359   6                                                       lcd1602_write_1(zi[1][i]);
 360   6                                              }                                                        
 361   5                                              lcd1602_write_0(0x80+5);                 
 362   5                                              lcd1602_write_1(0x01);
 363   5                                              lcd1602_write_0(0x80+6);
 364   5                                              lcd1602_write_1(alarm[0]);
C51 COMPILER V9.01   MAIN                                                                  01/22/2019 20:27:30 PAGE 7   

 365   5                                              lcd1602_write_0(0x80+7);
 366   5                                              lcd1602_write_1(alarm[1]);
 367   5                                              lcd1602_write_0(0x80+8);
 368   5                                              lcd1602_write_1(alarm[2]);
 369   5                                              lcd1602_write_0(0x80+9);
 370   5                                              lcd1602_write_1(alarm[3]);
 371   5                                              lcd1602_write_0(0x80+10);       
 372   5                                              lcd1602_write_1(alarm[4]);
 373   5                                              lcd1602_write_0(0x80);
 374   5                                              lcd1602_write_1(' ');
 375   5                                              
 376   5                                              TMOD = 1; ET0 = 1;EA = 1;               //∂® ±∆˜  ≥ı ºªØ
 377   5                                              i2 = 0;
 378   5                                              time02 = 1; 
 379   5                                              while(ii==0)    //ii=1 µƒ øÿ÷∆ ‘⁄∂® ±∆˜÷–∂œ¿Ô√Ê   ii=1 ±ÕÀ≥ˆ—≠ª∑ Õ£÷πœÏ¡Â 
 380   5                                              {
 381   6                                                      k1 = sszymmh[i2] + 7 * sszymmh[i2 + 1] - 1;
 382   6                                                      //µ⁄i2∏ˆ «“Ù∑˚, µ⁄i2+1∏ˆ «µ⁄º∏∏ˆ∞À∂»
 383   6                                                      timer0h = FREQH[k1]; //¥” ˝æ›±Ì÷–∂¡≥ˆ∆µ¬  ˝÷µ
 384   6                                                      timer0l = FREQL[k1]; // µº …œ,  «∂® ±µƒ ±º‰≥§∂»
 385   6                                                      time02 = sszymmh[i2 + 2]; //∂¡≥ˆ ±º‰≥§∂» ˝÷µ
 386   6                                                      i2 += 3;
 387   6                                                      song(); //∑¢≥ˆ“ª∏ˆ“Ù∑˚
 388   6                                              }
 389   5                                              ii=0;
 390   5                                              lcd_zidingyi(zi,8,1);     
 391   5                                              lcd1602_X_Y(2,15,0x00);
 392   5                                      }
 393   4                              }
 394   3                      } 
 395   2              }
 396   1      }
 397          
 398          void read_at24c02()//¥”AT24C02¿Ô∂¡∫Ø ˝
 399          {
 400   1              hour=read_addr(0x00);
 401   1              if(hour>23)hour=0;
 402   1              min=read_addr(0x01);
 403   1              if(min>59)min=0;
 404   1      }
 405          void main()//÷˜∫Ø ˝ 
 406          {       
 407   1              lcd1602_init();          //LCD1602≥ı ºªØ
 408   1              logo();            //ø™ª˙logo∂®∏Ò
 409   1              lcd_zidingyi(zi,8,1);     //◊‘∂®“Â   C   –¥»Î
 410   1              lcd1602_X_Y(2,15,0x00);   //   œ‘ æµΩ  2––  15¡–
 411   1              int0_init();    //÷–∂œ≥ı ºªØ
 412   1              ds1302_init();          //DS1302≥ı ºªØ
 413   1              init();    //IIC◊‹œﬂ≥ı ºªØ
 414   1              read_at24c02(); //¥”AT24C02∂¡≥ˆ ƒ÷÷” ˝æ› 
 415   1              while(1)
 416   1              {
 417   2                      CE=1;                           //∞Â◊”Œ Ã‚  P35¿≠∏ﬂ
 418   2      
 419   2                      read_temper(ds18b20_read_temp());         //Œ¬∂»∂¡»°
 420   2      
 421   2                      timer();// ±º‰∂¡»°
 422   2      
 423   2                      key_2(); //k2∏¸ªª  ƒ÷÷” …Ë÷√ΩÁ√Ê
 424   2      
 425   2                      key_1();//k1ƒ÷÷”µƒ∆ÙÕ£
 426   2      
C51 COMPILER V9.01   MAIN                                                                  01/22/2019 20:27:30 PAGE 8   

 427   2                      buling(); //ƒ÷÷”¥•∑¢
 428   2                              
 429   2                      lcd_display();             //LCDœ‘ æ
 430   2      
 431   2                      ctrltime();                             // ±º‰µ˜’˚
 432   2              }
 433   1      }
 434          
 435          void int1() interrupt 2//Õ‚≤ø ÷–∂œ 1     π‚±Íøÿ÷∆
 436          {
 437   1              delay_lcd(2000);
 438   1              if(k4==0)
 439   1              {
 440   2                      if(flag1==0)    //»Áπ˚√ª”–‘⁄ƒ÷÷”…Ë÷√ΩÁ√Ê    ±º‰µ˜’˚π‚±Í øÿ÷∆  
 441   2                      {
 442   3                              flag++;
 443   3                      }
 444   2                      if(flag1==2)    //»Áπ˚‘⁄ƒ÷÷”…Ë÷√ΩÁ√Ê   ƒ÷÷”µ˜’˚π‚±Í     øÿ÷∆ 
 445   2                      {
 446   3                              flag2++;
 447   3                      }
 448   2              }
 449   1              while(k4==0);
 450   1      }
 451          void int0() interrupt 0//Õ‚≤ø ÷–∂œ 0        ±º‰∏¸∏ƒ
 452          {
 453   1              uchar temp_1=0;
 454   1              delay_lcd(2000);
 455   1              if(k3==0)
 456   1              {
 457   2                      if((flag>0&&flag<8)&&flag1==0)    //»Áπ˚ ”– π‚±Í  «“  √ª‘⁄ƒ÷÷”…Ë÷√ΩÁ√Ê ¥•∑¢ ±º‰µ˜’˚
 458   2                      {               
 459   3                              ds1302_write(0x8e,0x00);
 460   3                              temp_1=ds1302_read(readdate_ctrl[flag-1]);
 461   3                              temp_1++;
 462   3                              if((temp_1&0x0f)>9)
 463   3                              {
 464   4                                      temp_1=temp_1+6;
 465   4                              }        
 466   3                              if(flag==1||flag==2)               
 467   3                              {
 468   4                                      if(temp_1==0x60)           //√Î∫Õ∑÷◊Ó¥Û59
 469   4                                      {
 470   5                                              temp_1=0x00;
 471   5                                      }
 472   4                              }
 473   3                              if(flag==3)
 474   3                              {
 475   4                                      if(temp_1==0x24)         //–° ±◊Ó¥Û23
 476   4                                      {
 477   5                                              temp_1=0x00;
 478   5                                      }
 479   4                              }
 480   3                              if(flag==4)
 481   3                              {
 482   4                                      if(temp_1==0x08)        //–«∆⁄◊Ó¥Û  7
 483   4                                      {
 484   5                                              temp_1=0x01;
 485   5                                      }
 486   4                              }
 487   3                              if(flag==5)
 488   3                              {
C51 COMPILER V9.01   MAIN                                                                  01/22/2019 20:27:30 PAGE 9   

 489   4                                      if(temp_1==0x32)         //»’  ◊Ó¥Û31
 490   4                                      {
 491   5                                              temp_1=0x01;
 492   5                                      }
 493   4                              }
 494   3                              if(flag==6)
 495   3                              {
 496   4                                      if(temp_1==0x13)                //‘¬◊Ó¥Û12
 497   4                                      {
 498   5                                              temp_1=0x01;
 499   5                                      }
 500   4                              }
 501   3                              if(flag==7)
 502   3                              {
 503   4                                      if(temp_1==0x31)        //“‘±„ µ˜’˚  ƒÍ◊Ó¥Û‘› ±…ËŒ™  30
 504   4                                      {
 505   5                                              temp_1=0x00;
 506   5                                      }
 507   4                              }
 508   3                              ds1302_write(writedate_ctrl[flag-1],temp_1);
 509   3                              ds1302_write(0x8e,0x80);
 510   3                      
 511   3                      } 
 512   2                      if(flag==0&&flag1==2&&flag2==1)                         //ƒ÷÷”ΩÁ√Ê∑÷÷”µ˜’˚
 513   2                      {
 514   3                              min++;
 515   3                              if(min==60)min=0;       
 516   3                      }
 517   2                      if(flag==0&&flag1==2&&flag2==2)                         //ƒ÷÷”ΩÁ√Ê–° ±µ˜’˚
 518   2                      {
 519   3                              hour++;
 520   3                              if(hour==24)hour=0;
 521   3                              write_add(0x00,hour);
 522   3                              delay_lcd(1000);
 523   3                              write_add(0x01,min);
 524   3                              delay_lcd(1000);        
 525   3                      }
 526   2                      while(k3==0);
 527   2              }
 528   1              
 529   1      }
 530          void t0int() interrupt 1 //T0÷–∂œ≥Ã–Ú£¨øÿ÷∆∑¢“Ùµƒ“Ùµ˜
 531          {
 532   1              TR0 = 0; //œ»πÿ±’T0
 533   1              speaker = !speaker; // ‰≥ˆ∑Ω≤®, ∑¢“Ù
 534   1              TH0 = timer0h; //œ¬¥Œµƒ÷–∂œ ±º‰, ’‚∏ˆ ±º‰, øÿ÷∆“Ùµ˜∏ﬂµÕ
 535   1              TL0 = timer0l;
 536   1              TR0 = 1; //∆Ù∂ØT0
 537   1              if(k1==0)
 538   1              {
 539   2                      delay_lcd(2000);
 540   2                      if(k1==0)
 541   2                      {
 542   3                              ii=1;  //Õ£÷π œÏ¡Â 
 543   3                              flag1=3;  //ªÿµΩ≥ı ºΩÁ√Ê
 544   3                              flag3=2;  //πÿ±’ƒ÷÷”
 545   3                      }
 546   2              }
 547   1      }


MODULE INFORMATION:   STATIC OVERLAYABLE
C51 COMPILER V9.01   MAIN                                                                  01/22/2019 20:27:30 PAGE 10  

   CODE SIZE        =   2669    ----
   CONSTANT SIZE    =    108    ----
   XDATA SIZE       =   ----    ----
   PDATA SIZE       =     40      28
   DATA SIZE        =   ----    ----
   IDATA SIZE       =   ----    ----
   BIT SIZE         =   ----    ----
END OF MODULE INFORMATION.


C51 COMPILATION COMPLETE.  0 WARNING(S),  0 ERROR(S)
